[0;34m========================================[0m
[0;34mFLAC Multithreading Diagnostic Benchmark[0m
[0;34m========================================[0m

[0;34mSystem CPUs: 32[0m

[1;33mTesting with 1 thread(s)...[0m
[0;34mSystem stats at start:[0m
  CPU Frequency: 3094.249 MHz
  Memory Available: 60.18GB
[0;32mOK[0m (363.449ms)
[0;32mOK[0m (204.244ms)
[0;32mOK[0m (350.054ms)
[0;32mOK[0m (474.087ms)
[0;32mOK[0m (396.251ms)
[0;32mOK[0m (316.336ms)
[0;32mOK[0m (150.327ms)
[0;32mOK[0m (383.136ms)
[0;32mOK[0m (215.242ms)
[0;32mOK[0m (235.764ms)
[0;32mOK[0m (170.661ms)
[0;32mOK[0m (243.438ms)
[0;32mSummary for 1 thread(s):[0m
  Files: 12 | Avg Encode: 291.915ms | Throughput: 182.43MB/s

[1;33mTesting with 2 thread(s)...[0m
[0;34mSystem stats at start:[0m
  CPU Frequency: 3094.249 MHz
  Memory Available: 60.17GB
[0;32mOK[0m (355.061ms)
[0;32mOK[0m (201.967ms)
[0;32mOK[0m (342.266ms)
[0;32mOK[0m (497.951ms)
[0;32mOK[0m (388.392ms)
[0;32mOK[0m (312.364ms)
[0;32mOK[0m (146.575ms)
[0;32mOK[0m (358.430ms)
[0;32mOK[0m (201.165ms)
[0;32mOK[0m (220.624ms)
[0;32mOK[0m (160.332ms)
[0;32mOK[0m (227.908ms)
[0;32mSummary for 2 thread(s):[0m
  Files: 12 | Avg Encode: 284.419ms | Throughput: 187.24MB/s

[1;33mTesting with 3 thread(s)...[0m
[0;34mSystem stats at start:[0m
  CPU Frequency: 3094.249 MHz
  Memory Available: 60.17GB
[0;32mOK[0m (433.854ms)
[0;32mOK[0m (245.354ms)
[0;32mOK[0m (416.432ms)
[0;32mOK[0m (490.827ms)
[0;32mOK[0m (464.254ms)
[0;32mOK[0m (379.809ms)
[0;32mOK[0m (178.790ms)
[0;32mOK[0m (432.697ms)
[0;32mOK[0m (235.163ms)
[0;32mOK[0m (262.371ms)
[0;32mOK[0m (192.147ms)
[0;32mOK[0m (265.181ms)
[0;32mSummary for 3 thread(s):[0m
  Files: 12 | Avg Encode: 333.073ms | Throughput: 160.02MB/s

[1;33mTesting with 4 thread(s)...[0m
[0;34mSystem stats at start:[0m
  CPU Frequency: 3094.249 MHz
  Memory Available: 60.17GB
[0;32mOK[0m (460.314ms)
[0;32mOK[0m (258.943ms)
[0;32mOK[0m (447.099ms)
[0;32mOK[0m (585.242ms)
[0;32mOK[0m (492.124ms)
[0;32mOK[0m (393.035ms)
[0;32mOK[0m (190.006ms)
[0;32mOK[0m (459.447ms)
[0;32mOK[0m (254.745ms)
[0;32mOK[0m (280.671ms)
[0;32mOK[0m (205.084ms)
[0;32mOK[0m (287.869ms)
[0;32mSummary for 4 thread(s):[0m
  Files: 12 | Avg Encode: 359.548ms | Throughput: 148.14MB/s

[1;33mTesting with 5 thread(s)...[0m
[0;34mSystem stats at start:[0m
  CPU Frequency: 3094.249 MHz
  Memory Available: 60.17GB
[0;32mOK[0m (464.232ms)
[0;32mOK[0m (259.275ms)
[0;32mOK[0m (445.612ms)
[0;32mOK[0m (757.301ms)
[0;32mOK[0m (511.330ms)
[0;32mOK[0m (403.943ms)
[0;32mOK[0m (190.182ms)
[0;32mOK[0m (461.325ms)
[0;32mOK[0m (257.070ms)
[0;32mOK[0m (281.237ms)
[0;32mOK[0m (204.355ms)
[0;32mOK[0m (290.678ms)
[0;32mSummary for 5 thread(s):[0m
  Files: 12 | Avg Encode: 377.211ms | Throughput: 141.26MB/s

[1;33mTesting with 6 thread(s)...[0m
[0;34mSystem stats at start:[0m
  CPU Frequency: 3094.249 MHz
  Memory Available: 60.17GB
[0;32mOK[0m (672.355ms)
[0;32mOK[0m (386.866ms)
[0;32mOK[0m (668.994ms)
[0;32mOK[0m (1256.822ms)
[0;32mOK[0m (760.124ms)
[0;32mOK[0m (599.986ms)
[0;32mOK[0m (278.787ms)
[0;32mOK[0m (684.212ms)
[0;32mOK[0m (380.220ms)
[0;32mOK[0m (417.018ms)
[0;32mOK[0m (301.150ms)
[0;32mOK[0m (421.672ms)
[0;32mSummary for 6 thread(s):[0m
  Files: 12 | Avg Encode: 569.017ms | Throughput: 93.62MB/s

[1;33mTesting with 7 thread(s)...[0m
[0;34mSystem stats at start:[0m
  CPU Frequency: 3094.249 MHz
  Memory Available: 60.17GB
[0;32mOK[0m (824.602ms)
[0;32mOK[0m (460.403ms)
[0;32mOK[0m (794.980ms)
[0;32mOK[0m (1551.270ms)
[0;32mOK[0m (908.336ms)
[0;32mOK[0m (720.991ms)
[0;32mOK[0m (334.322ms)
[0;32mOK[0m (819.543ms)
[0;32mOK[0m (456.530ms)
[0;32mOK[0m (498.883ms)
[0;32mOK[0m (359.593ms)
[0;32mOK[0m (502.772ms)
[0;32mSummary for 7 thread(s):[0m
  Files: 12 | Avg Encode: 686.018ms | Throughput: 77.58MB/s

[1;33mTesting with 8 thread(s)...[0m
[0;34mSystem stats at start:[0m
  CPU Frequency: 3094.249 MHz
  Memory Available: 60.17GB
[0;32mOK[0m (1567.658ms)
[0;32mOK[0m (872.569ms)
[0;32mOK[0m (1472.704ms)
[0;32mOK[0m (3187.205ms)
[0;32mOK[0m (1719.360ms)
[0;32mOK[0m (1360.843ms)
[0;32mOK[0m (615.941ms)
[0;32mOK[0m (1556.296ms)
[0;32mOK[0m (863.355ms)
[0;32mOK[0m (944.667ms)
[0;32mOK[0m (680.266ms)
[0;32mOK[0m (978.147ms)
[0;32mSummary for 8 thread(s):[0m
  Files: 12 | Avg Encode: 1318.250ms | Throughput: 40.38MB/s

[1;33mTesting with 9 thread(s)...[0m
[0;34mSystem stats at start:[0m
  CPU Frequency: 3094.249 MHz
  Memory Available: 60.16GB
Type "flac" for a usage summary or "flac --help" for all options
[0;31mEncode Failed[0m
Type "flac" for a usage summary or "flac --help" for all options
[0;31mEncode Failed[0m
Type "flac" for a usage summary or "flac --help" for all options
[0;31mEncode Failed[0m
Type "flac" for a usage summary or "flac --help" for all options
[0;31mEncode Failed[0m
Type "flac" for a usage summary or "flac --help" for all options
[0;31mEncode Failed[0m
Type "flac" for a usage summary or "flac --help" for all options
[0;31mEncode Failed[0m
Type "flac" for a usage summary or "flac --help" for all options
[0;31mEncode Failed[0m
Type "flac" for a usage summary or "flac --help" for all options
[0;31mEncode Failed[0m
Type "flac" for a usage summary or "flac --help" for all options
[0;31mEncode Failed[0m
Type "flac" for a usage summary or "flac --help" for all options
[0;31mEncode Failed[0m
Type "flac" for a usage summary or "flac --help" for all options
[0;31mEncode Failed[0m
Type "flac" for a usage summary or "flac --help" for all options
[0;31mEncode Failed[0m

[1;33mTesting with 10 thread(s)...[0m
[0;34mSystem stats at start:[0m
  CPU Frequency: 3094.249 MHz
  Memory Available: 60.17GB
[0;32mOK[0m (355.174ms)
[0;32mOK[0m (202.375ms)
[0;32mOK[0m (344.250ms)
[0;32mOK[0m (407.303ms)
[0;32mOK[0m (389.965ms)
[0;32mOK[0m (312.470ms)
[0;32mOK[0m (146.187ms)
[0;32mOK[0m (353.493ms)
[0;32mOK[0m (198.648ms)
[0;32mOK[0m (215.946ms)
[0;32mOK[0m (153.005ms)
[0;32mOK[0m (225.636ms)
[0;32mSummary for 10 thread(s):[0m
  Files: 12 | Avg Encode: 275.371ms | Throughput: 193.48MB/s

[1;33mTesting with 11 thread(s)...[0m
[0;34mSystem stats at start:[0m
  CPU Frequency: 3094.249 MHz
  Memory Available: 60.16GB
[0;32mOK[0m (354.779ms)
[0;32mOK[0m (200.576ms)
[0;32mOK[0m (343.682ms)
[0;32mOK[0m (471.832ms)
[0;32mOK[0m (392.864ms)
[0;32mOK[0m (304.035ms)
[0;32mOK[0m (145.889ms)
[0;32mOK[0m (353.369ms)
[0;32mOK[0m (208.019ms)
[0;32mOK[0m (210.510ms)
[0;32mOK[0m (153.613ms)
[0;32mOK[0m (223.720ms)
[0;32mSummary for 11 thread(s):[0m
  Files: 12 | Avg Encode: 280.240ms | Throughput: 190.03MB/s

[1;33mTesting with 12 thread(s)...[0m
[0;34mSystem stats at start:[0m
  CPU Frequency: 3094.249 MHz
  Memory Available: 60.16GB
[0;32mOK[0m (350.302ms)
[0;32mOK[0m (200.547ms)
[0;32mOK[0m (333.580ms)
[0;32mOK[0m (482.819ms)
[0;32mOK[0m (388.252ms)
[0;32mOK[0m (311.941ms)
[0;32mOK[0m (147.580ms)
[0;32mOK[0m (344.561ms)
[0;32mOK[0m (192.777ms)
[0;32mOK[0m (216.343ms)
[0;32mOK[0m (157.508ms)
[0;32mOK[0m (217.554ms)
[0;32mSummary for 12 thread(s):[0m
  Files: 12 | Avg Encode: 278.647ms | Throughput: 191.17MB/s

[1;33mTesting with 13 thread(s)...[0m
[0;34mSystem stats at start:[0m
  CPU Frequency: 3094.249 MHz
  Memory Available: 60.16GB
[0;32mOK[0m (434.593ms)
[0;32mOK[0m (245.106ms)
[0;32mOK[0m (417.095ms)
[0;32mOK[0m (490.042ms)
[0;32mOK[0m (477.574ms)
[0;32mOK[0m (379.689ms)
[0;32mOK[0m (177.311ms)
[0;32mOK[0m (420.255ms)
[0;32mOK[0m (240.181ms)
[0;32mOK[0m (263.695ms)
[0;32mOK[0m (185.365ms)
[0;32mOK[0m (273.196ms)
[0;32mSummary for 13 thread(s):[0m
  Files: 12 | Avg Encode: 333.675ms | Throughput: 159.62MB/s

[1;33mTesting with 14 thread(s)...[0m
[0;34mSystem stats at start:[0m
  CPU Frequency: 3094.249 MHz
  Memory Available: 60.16GB
[0;32mOK[0m (457.779ms)
[0;32mOK[0m (261.408ms)
[0;32mOK[0m (439.892ms)
[0;32mOK[0m (587.598ms)
[0;32mOK[0m (489.850ms)
[0;32mOK[0m (403.346ms)
[0;32mOK[0m (183.317ms)
[0;32mOK[0m (457.932ms)
[0;32mOK[0m (256.719ms)
[0;32mOK[0m (272.184ms)
[0;32mOK[0m (197.997ms)
[0;32mOK[0m (290.086ms)
[0;32mSummary for 14 thread(s):[0m
  Files: 12 | Avg Encode: 358.175ms | Throughput: 148.83MB/s

[1;33mTesting with 15 thread(s)...[0m
[0;34mSystem stats at start:[0m
  CPU Frequency: 3094.249 MHz
  Memory Available: 60.16GB
[0;32mOK[0m (462.273ms)
[0;32mOK[0m (261.722ms)
[0;32mOK[0m (448.192ms)
[0;32mOK[0m (756.106ms)
[0;32mOK[0m (508.504ms)
[0;32mOK[0m (404.836ms)
[0;32mOK[0m (192.090ms)
[0;32mOK[0m (447.440ms)
[0;32mOK[0m (256.354ms)
[0;32mOK[0m (280.872ms)
[0;32mOK[0m (203.862ms)
[0;32mOK[0m (288.207ms)
[0;32mSummary for 15 thread(s):[0m
  Files: 12 | Avg Encode: 375.871ms | Throughput: 141.57MB/s

[1;33mTesting with 16 thread(s)...[0m
[0;34mSystem stats at start:[0m
  CPU Frequency: 3094.249 MHz
  Memory Available: 60.16GB
[0;32mOK[0m (684.497ms)
[0;32mOK[0m (381.485ms)
[0;32mOK[0m (656.073ms)
[0;32mOK[0m (1242.836ms)
[0;32mOK[0m (752.076ms)
[0;32mOK[0m (594.111ms)
[0;32mOK[0m (277.690ms)
[0;32mOK[0m (676.580ms)
[0;32mOK[0m (376.681ms)
[0;32mOK[0m (410.787ms)
[0;32mOK[0m (304.392ms)
[0;32mOK[0m (421.146ms)
[0;32mSummary for 16 thread(s):[0m
  Files: 12 | Avg Encode: 564.862ms | Throughput: 94.31MB/s

[1;33mTesting with 17 thread(s)...[0m
[0;34mSystem stats at start:[0m
  CPU Frequency: 3094.249 MHz
  Memory Available: 60.16GB
[0;32mOK[0m (827.664ms)
[0;32mOK[0m (461.704ms)
[0;32mOK[0m (795.361ms)
[0;32mOK[0m (1556.036ms)
[0;32mOK[0m (902.353ms)
[0;32mOK[0m (717.201ms)
[0;32mOK[0m (326.519ms)
[0;32mOK[0m (823.285ms)
[0;32mOK[0m (457.248ms)
[0;32mOK[0m (497.293ms)
[0;32mOK[0m (359.600ms)
[0;32mOK[0m (519.801ms)
[0;32mSummary for 17 thread(s):[0m
  Files: 12 | Avg Encode: 687.005ms | Throughput: 77.48MB/s

[1;33mTesting with 18 thread(s)...[0m
[0;34mSystem stats at start:[0m
  CPU Frequency: 3094.249 MHz
  Memory Available: 60.15GB
[0;32mOK[0m (1563.021ms)
[0;32mOK[0m (874.724ms)
[0;32mOK[0m (1511.688ms)
[0;32mOK[0m (3182.894ms)
[0;32mOK[0m (1676.533ms)
[0;32mOK[0m (1352.042ms)
[0;32mOK[0m (619.175ms)
[0;32mOK[0m (1530.586ms)
[0;32mOK[0m (863.917ms)
[0;32mOK[0m (937.451ms)
[0;32mOK[0m (661.667ms)
[0;32mOK[0m (953.887ms)
[0;32mSummary for 18 thread(s):[0m
  Files: 12 | Avg Encode: 1310.632ms | Throughput: 40.61MB/s

[1;33mTesting with 19 thread(s)...[0m
[0;34mSystem stats at start:[0m
  CPU Frequency: 3094.249 MHz
  Memory Available: 60.15GB
Type "flac" for a usage summary or "flac --help" for all options
[0;31mEncode Failed[0m
Type "flac" for a usage summary or "flac --help" for all options
[0;31mEncode Failed[0m
Type "flac" for a usage summary or "flac --help" for all options
[0;31mEncode Failed[0m
Type "flac" for a usage summary or "flac --help" for all options
[0;31mEncode Failed[0m
Type "flac" for a usage summary or "flac --help" for all options
[0;31mEncode Failed[0m
Type "flac" for a usage summary or "flac --help" for all options
[0;31mEncode Failed[0m
Type "flac" for a usage summary or "flac --help" for all options
[0;31mEncode Failed[0m
Type "flac" for a usage summary or "flac --help" for all options
[0;31mEncode Failed[0m
Type "flac" for a usage summary or "flac --help" for all options
[0;31mEncode Failed[0m
Type "flac" for a usage summary or "flac --help" for all options
[0;31mEncode Failed[0m
Type "flac" for a usage summary or "flac --help" for all options
[0;31mEncode Failed[0m
Type "flac" for a usage summary or "flac --help" for all options
[0;31mEncode Failed[0m

[1;33mTesting with 20 thread(s)...[0m
[0;34mSystem stats at start:[0m
  CPU Frequency: 3094.249 MHz
  Memory Available: 60.15GB
[0;32mOK[0m (355.365ms)
[0;32mOK[0m (202.201ms)
[0;32mOK[0m (339.652ms)
[0;32mOK[0m (405.660ms)
[0;32mOK[0m (388.573ms)
[0;32mOK[0m (303.559ms)
[0;32mOK[0m (147.347ms)
[0;32mOK[0m (351.499ms)
[0;32mOK[0m (199.116ms)
[0;32mOK[0m (216.420ms)
[0;32mOK[0m (163.794ms)
[0;32mOK[0m (223.171ms)
[0;32mSummary for 20 thread(s):[0m
  Files: 12 | Avg Encode: 274.696ms | Throughput: 194.07MB/s

[1;33mTesting with 21 thread(s)...[0m
[0;34mSystem stats at start:[0m
  CPU Frequency: 3094.249 MHz
  Memory Available: 60.15GB
[0;32mOK[0m (353.261ms)
[0;32mOK[0m (201.317ms)
[0;32mOK[0m (340.712ms)
[0;32mOK[0m (472.292ms)
[0;32mOK[0m (377.874ms)
[0;32mOK[0m (313.309ms)
[0;32mOK[0m (147.736ms)
[0;32mOK[0m (353.239ms)
[0;32mOK[0m (198.649ms)
[0;32mOK[0m (216.407ms)
[0;32mOK[0m (158.422ms)
[0;32mOK[0m (223.085ms)
[0;32mSummary for 21 thread(s):[0m
  Files: 12 | Avg Encode: 279.691ms | Throughput: 190.60MB/s

[1;33mTesting with 22 thread(s)...[0m
[0;34mSystem stats at start:[0m
  CPU Frequency: 3094.249 MHz
  Memory Available: 60.15GB
[0;32mOK[0m (355.767ms)
[0;32mOK[0m (201.461ms)
[0;32mOK[0m (343.445ms)
[0;32mOK[0m (493.403ms)
[0;32mOK[0m (391.118ms)
[0;32mOK[0m (312.421ms)
[0;32mOK[0m (147.709ms)
[0;32mOK[0m (354.198ms)
[0;32mOK[0m (197.794ms)
[0;32mOK[0m (215.543ms)
[0;32mOK[0m (157.636ms)
[0;32mOK[0m (222.079ms)
[0;32mSummary for 22 thread(s):[0m
  Files: 12 | Avg Encode: 282.714ms | Throughput: 188.35MB/s

[1;33mTesting with 23 thread(s)...[0m
[0;34mSystem stats at start:[0m
  CPU Frequency: 3094.249 MHz
  Memory Available: 60.15GB
[0;32mOK[0m (436.160ms)
[0;32mOK[0m (245.825ms)
[0;32mOK[0m (419.282ms)
[0;32mOK[0m (487.474ms)
[0;32mOK[0m (480.592ms)
[0;32mOK[0m (378.971ms)
[0;32mOK[0m (178.843ms)
[0;32mOK[0m (432.156ms)
[0;32mOK[0m (241.055ms)
[0;32mOK[0m (262.026ms)
[0;32mOK[0m (190.393ms)
[0;32mOK[0m (271.845ms)
[0;32mSummary for 23 thread(s):[0m
  Files: 12 | Avg Encode: 335.385ms | Throughput: 158.83MB/s

[1;33mTesting with 24 thread(s)...[0m
[0;34mSystem stats at start:[0m
  CPU Frequency: 3094.249 MHz
  Memory Available: 60.15GB
[0;32mOK[0m (460.274ms)
[0;32mOK[0m (258.272ms)
[0;32mOK[0m (444.358ms)
[0;32mOK[0m (587.810ms)
[0;32mOK[0m (503.497ms)
[0;32mOK[0m (401.414ms)
[0;32mOK[0m (184.293ms)
[0;32mOK[0m (446.396ms)
[0;32mOK[0m (257.389ms)
[0;32mOK[0m (278.296ms)
[0;32mOK[0m (203.971ms)
[0;32mOK[0m (287.382ms)
[0;32mSummary for 24 thread(s):[0m
  Files: 12 | Avg Encode: 359.446ms | Throughput: 148.14MB/s

[1;33mTesting with 25 thread(s)...[0m
[0;34mSystem stats at start:[0m
  CPU Frequency: 3094.249 MHz
  Memory Available: 60.15GB
[0;32mOK[0m (461.416ms)
[0;32mOK[0m (260.266ms)
[0;32mOK[0m (435.309ms)
[0;32mOK[0m (753.480ms)
[0;32mOK[0m (510.359ms)
[0;32mOK[0m (401.898ms)
[0;32mOK[0m (185.057ms)
[0;32mOK[0m (456.601ms)
[0;32mOK[0m (256.771ms)
[0;32mOK[0m (279.584ms)
[0;32mOK[0m (198.838ms)
[0;32mOK[0m (289.621ms)
[0;32mSummary for 25 thread(s):[0m
  Files: 12 | Avg Encode: 374.100ms | Throughput: 142.52MB/s

[1;33mTesting with 26 thread(s)...[0m
[0;34mSystem stats at start:[0m
  CPU Frequency: 3094.249 MHz
  Memory Available: 60.15GB
[0;32mOK[0m (687.029ms)
[0;32mOK[0m (380.735ms)
[0;32mOK[0m (671.033ms)
[0;32mOK[0m (1264.610ms)
[0;32mOK[0m (752.368ms)
[0;32mOK[0m (599.967ms)
[0;32mOK[0m (279.474ms)
[0;32mOK[0m (680.049ms)
[0;32mOK[0m (382.202ms)
[0;32mOK[0m (417.936ms)
[0;32mOK[0m (303.419ms)
[0;32mOK[0m (431.371ms)
[0;32mSummary for 26 thread(s):[0m
  Files: 12 | Avg Encode: 570.849ms | Throughput: 93.21MB/s

[1;33mTesting with 27 thread(s)...[0m
[0;34mSystem stats at start:[0m
  CPU Frequency: 3094.249 MHz
  Memory Available: 60.14GB
[0;32mOK[0m (825.341ms)
[0;32mOK[0m (462.535ms)
[0;32mOK[0m (799.131ms)
[0;32mOK[0m (1555.939ms)
[0;32mOK[0m (910.619ms)
[0;32mOK[0m (713.529ms)
[0;32mOK[0m (333.947ms)
[0;32mOK[0m (801.367ms)
[0;32mOK[0m (455.355ms)
[0;32mOK[0m (498.848ms)
[0;32mOK[0m (360.368ms)
[0;32mOK[0m (513.829ms)
[0;32mSummary for 27 thread(s):[0m
  Files: 12 | Avg Encode: 685.900ms | Throughput: 77.58MB/s

[1;33mTesting with 28 thread(s)...[0m
[0;34mSystem stats at start:[0m
  CPU Frequency: 3094.249 MHz
  Memory Available: 60.15GB
[0;32mOK[0m (1565.355ms)
[0;32mOK[0m (875.857ms)
[0;32mOK[0m (1512.531ms)
[0;32mOK[0m (3181.033ms)
[0;32mOK[0m (1721.581ms)
[0;32mOK[0m (1362.721ms)
[0;32mOK[0m (632.408ms)
[0;32mOK[0m (1562.687ms)
[0;32mOK[0m (864.068ms)
[0;32mOK[0m (942.144ms)
[0;32mOK[0m (679.288ms)
[0;32mOK[0m (977.998ms)
[0;32mSummary for 28 thread(s):[0m
  Files: 12 | Avg Encode: 1323.139ms | Throughput: 40.23MB/s

[1;33mTesting with 29 thread(s)...[0m
[0;34mSystem stats at start:[0m
  CPU Frequency: 3094.249 MHz
  Memory Available: 60.15GB
Type "flac" for a usage summary or "flac --help" for all options
[0;31mEncode Failed[0m
Type "flac" for a usage summary or "flac --help" for all options
[0;31mEncode Failed[0m
Type "flac" for a usage summary or "flac --help" for all options
[0;31mEncode Failed[0m
Type "flac" for a usage summary or "flac --help" for all options
[0;31mEncode Failed[0m
Type "flac" for a usage summary or "flac --help" for all options
[0;31mEncode Failed[0m
Type "flac" for a usage summary or "flac --help" for all options
[0;31mEncode Failed[0m
Type "flac" for a usage summary or "flac --help" for all options
[0;31mEncode Failed[0m
Type "flac" for a usage summary or "flac --help" for all options
[0;31mEncode Failed[0m
Type "flac" for a usage summary or "flac --help" for all options
[0;31mEncode Failed[0m
Type "flac" for a usage summary or "flac --help" for all options
[0;31mEncode Failed[0m
Type "flac" for a usage summary or "flac --help" for all options
[0;31mEncode Failed[0m
Type "flac" for a usage summary or "flac --help" for all options
[0;31mEncode Failed[0m

[1;33mTesting with 30 thread(s)...[0m
[0;34mSystem stats at start:[0m
  CPU Frequency: 3094.249 MHz
  Memory Available: 60.15GB
[0;32mOK[0m (352.932ms)
[0;32mOK[0m (200.279ms)
[0;32mOK[0m (344.050ms)
[0;32mOK[0m (406.904ms)
[0;32mOK[0m (389.515ms)
[0;32mOK[0m (311.831ms)
[0;32mOK[0m (148.064ms)
[0;32mOK[0m (358.346ms)
[0;32mOK[0m (197.621ms)
[0;32mOK[0m (217.822ms)
[0;32mOK[0m (159.017ms)
[0;32mOK[0m (223.507ms)
[0;32mSummary for 30 thread(s):[0m
  Files: 12 | Avg Encode: 275.824ms | Throughput: 193.48MB/s

[1;33mTesting with 31 thread(s)...[0m
[0;34mSystem stats at start:[0m
  CPU Frequency: 3094.249 MHz
  Memory Available: 60.15GB
[0;32mOK[0m (356.291ms)
[0;32mOK[0m (200.923ms)
[0;32mOK[0m (334.882ms)
[0;32mOK[0m (473.190ms)
[0;32mOK[0m (390.472ms)
[0;32mOK[0m (303.773ms)
[0;32mOK[0m (144.510ms)
[0;32mOK[0m (357.343ms)
[0;32mOK[0m (205.863ms)
[0;32mOK[0m (217.304ms)
[0;32mOK[0m (158.676ms)
[0;32mOK[0m (217.753ms)
[0;32mSummary for 31 thread(s):[0m
  Files: 12 | Avg Encode: 280.081ms | Throughput: 190.03MB/s

[1;33mTesting with 32 thread(s)...[0m
[0;34mSystem stats at start:[0m
  CPU Frequency: 3094.249 MHz
  Memory Available: 60.15GB
[0;32mOK[0m (355.025ms)
[0;32mOK[0m (201.714ms)
[0;32mOK[0m (343.316ms)
[0;32mOK[0m (496.101ms)
[0;32mOK[0m (390.124ms)
[0;32mOK[0m (304.689ms)
[0;32mOK[0m (147.946ms)
[0;32mOK[0m (354.299ms)
[0;32mOK[0m (197.424ms)
[0;32mOK[0m (215.230ms)
[0;32mOK[0m (158.138ms)
[0;32mOK[0m (222.992ms)
[0;32mSummary for 32 thread(s):[0m
  Files: 12 | Avg Encode: 282.249ms | Throughput: 188.90MB/s


[0;34m========================================[0m
[0;34mResults Summary[0m
[0;34m========================================[0m
Threads  | Avg Enc(ms)    | Enc(MB/s)      | Efficiency(%) 
[0;34m---------|-------------|-------------|----------[0m
1        | 291.915        | 182.43         | 100.0%        
2        | 284.419        | 187.24         | 100.0%        
3        | 333.073        | 160.02         | 80.0%         
4        | 359.548        | 148.14         | 80.0%         
5        | 377.211        | 141.26         | 70.0%         
6        | 569.017        | 93.62          | 50.0%         
7        | 686.018        | 77.58          | 40.0%         
8        | 1318.250       | 40.38          | 20.0%         
10       | 275.371        | 193.48         | 100.0%        
11       | 280.240        | 190.03         | 100.0%        
12       | 278.647        | 191.17         | 100.0%        
13       | 333.675        | 159.62         | 80.0%         
14       | 358.175        | 148.83         | 80.0%         
15       | 375.871        | 141.57         | 70.0%         
16       | 564.862        | 94.31          | 50.0%         
17       | 687.005        | 77.48          | 40.0%         
18       | 1310.632       | 40.61          | 20.0%         
20       | 274.696        | 194.07         | 100.0%        
21       | 279.691        | 190.60         | 100.0%        
22       | 282.714        | 188.35         | 100.0%        
23       | 335.385        | 158.83         | 80.0%         
24       | 359.446        | 148.14         | 80.0%         
25       | 374.100        | 142.52         | 70.0%         
26       | 570.849        | 93.21          | 50.0%         
27       | 685.900        | 77.58          | 40.0%         
28       | 1323.139       | 40.23          | 20.0%         
30       | 275.824        | 193.48         | 100.0%        
31       | 280.081        | 190.03         | 100.0%        
32       | 282.249        | 188.90         | 100.0%        
[0;34m========================================[0m

[1;33mAnalysis:[0m
  • Efficiency > 100% = Good scaling with more threads
  • Efficiency < 100% = Thread contention/overhead
  • Sharp drop = Memory/cache bottleneck or thermal throttling
[0;34mCleaning up temporary files...[0m
